typed_validation=ok
typed_alignment=ok
validation_tool=fixture-fastq-validator@1.0.0
alignment_tool=fixture-aligner@1.0.0
exit_status=0
output_path=_build/bioinformatics/hela.aligned.bam
output_identity=true
input_artifacts=2
arguments=6
provenance=joined_execution
validation_reproducibility=metadata_complete
alignment_reproducibility=metadata_complete
stdout_metadata=true
failed_process=process_failed:23
failed_stderr_metadata=true
missing_output=expected_output_missing
