typed_variant_call=ok
typed_variant_filter=ok
call_tool=fixture-variant-caller@1.0.0
filter_tool=fixture-variant-filter@1.0.0
raw_vcf_path=_build/bioinformatics/HG001.raw.vcf
filtered_vcf_path=_build/bioinformatics/HG001.filtered.vcf
call_input_identities=true
call_provenance_parents=true
call_source_lineage=2
transformation_stable=true
parameter_changes_identity=true
input_changes_identity=true
output_contract_changes_identity=true
nondeterministic_metadata_incomplete=true
output_identity_kind=derived_transformation
output_content_identity=false
output_transformation_matches=true
call_reproducibility=metadata_complete
filter_reproducibility=metadata_complete
raw_provenance=joined_execution
filtered_provenance=derived_execution
